Using pre-set license
Built from '2022.3/staging' branch; Version is '2022.3.24f1 (334eb2a0b267) revision 3362482'; Using compiler version '192829333'; Build Type 'Release'
OS: 'Windows 11  (10.0.22631) 64bit Enterprise' Language: 'en' Physical Memory: 65327 MB
BatchMode: 1, IsHumanControllingUs: 0, StartBugReporterOnCrash: 0, Is64bit: 1, IsPro: 1

COMMAND LINE ARGUMENTS:
C:\Program Files\Unity 2022.3.24f1\Editor\Unity.exe
-adb2
-batchMode
-noUpm
-name
AssetImportWorker5
-projectPath
C:/Users/xmr5547/Documents/GitHub/Space-Age-Revolution/Space-Age
-logFile
Logs/AssetImportWorker5.log
-srvPort
62260
Successfully changed project path to: C:/Users/xmr5547/Documents/GitHub/Space-Age-Revolution/Space-Age
C:/Users/xmr5547/Documents/GitHub/Space-Age-Revolution/Space-Age
[UnityMemory] Configuration Parameters - Can be set up in boot.config
    "memorysetup-bucket-allocator-granularity=16"
    "memorysetup-bucket-allocator-bucket-count=8"
    "memorysetup-bucket-allocator-block-size=33554432"
    "memorysetup-bucket-allocator-block-count=8"
    "memorysetup-main-allocator-block-size=16777216"
    "memorysetup-thread-allocator-block-size=16777216"
    "memorysetup-gfx-main-allocator-block-size=16777216"
    "memorysetup-gfx-thread-allocator-block-size=16777216"
    "memorysetup-cache-allocator-block-size=4194304"
    "memorysetup-typetree-allocator-block-size=2097152"
    "memorysetup-profiler-bucket-allocator-granularity=16"
    "memorysetup-profiler-bucket-allocator-bucket-count=8"
    "memorysetup-profiler-bucket-allocator-block-size=33554432"
    "memorysetup-profiler-bucket-allocator-block-count=8"
    "memorysetup-profiler-allocator-block-size=16777216"
    "memorysetup-profiler-editor-allocator-block-size=1048576"
    "memorysetup-temp-allocator-size-main=16777216"
    "memorysetup-job-temp-allocator-block-size=2097152"
    "memorysetup-job-temp-allocator-block-size-background=1048576"
    "memorysetup-job-temp-allocator-reduction-small-platforms=262144"
    "memorysetup-allocator-temp-initial-block-size-main=262144"
    "memorysetup-allocator-temp-initial-block-size-worker=262144"
    "memorysetup-temp-allocator-size-background-worker=32768"
    "memorysetup-temp-allocator-size-job-worker=262144"
    "memorysetup-temp-allocator-size-preload-manager=33554432"
    "memorysetup-temp-allocator-size-nav-mesh-worker=65536"
    "memorysetup-temp-allocator-size-audio-worker=65536"
    "memorysetup-temp-allocator-size-cloud-worker=32768"
    "memorysetup-temp-allocator-size-gi-baking-worker=262144"
    "memorysetup-temp-allocator-size-gfx=262144"
Player connection [5884] Host "[IP] 156.62.156.132 [Port] 0 [Flags] 2 [Guid] 1541160735 [EditorId] 1541160735 [Version] 1048832 [Id] WindowsEditor(7,we632-522wcw) [Debug] 1 [PackageName] WindowsEditor [ProjectName] Editor" joined multi-casting on [225.0.0.222:54997]...

Player connection [5884] Host "[IP] 156.62.156.132 [Port] 0 [Flags] 2 [Guid] 1541160735 [EditorId] 1541160735 [Version] 1048832 [Id] WindowsEditor(7,we632-522wcw) [Debug] 1 [PackageName] WindowsEditor [ProjectName] Editor" joined alternative multi-casting on [225.0.0.222:34997]...

[Physics::Module] Initialized MultithreadedJobDispatcher with 19 workers.
Refreshing native plugins compatible for Editor in 39.62 ms, found 12 plugins.
Preloading 1 native plugins for Editor in 0.74 ms.
Initialize engine version: 2022.3.24f1 (334eb2a0b267)
[Subsystems] Discovering subsystems at path C:/Program Files/Unity 2022.3.24f1/Editor/Data/Resources/UnitySubsystems
[Subsystems] Discovering subsystems at path C:/Users/xmr5547/Documents/GitHub/Space-Age-Revolution/Space-Age/Assets
GfxDevice: creating device client; threaded=0; jobified=0
Direct3D:
    Version:  Direct3D 11.0 [level 11.1]
    Renderer: NVIDIA GeForce RTX 3070 (ID=0x2488)
    Vendor:   NVIDIA
    VRAM:     8018 MB
    Driver:   31.0.15.5244
Initialize mono
Mono path[0] = 'C:/Program Files/Unity 2022.3.24f1/Editor/Data/Managed'
Mono path[1] = 'C:/Program Files/Unity 2022.3.24f1/Editor/Data/MonoBleedingEdge/lib/mono/unityjit-win32'
Mono config path = 'C:/Program Files/Unity 2022.3.24f1/Editor/Data/MonoBleedingEdge/etc'
Using monoOptions --debugger-agent=transport=dt_socket,embedding=1,server=y,suspend=n,address=127.0.0.1:56452
Begin MonoManager ReloadAssembly
Registering precompiled unity dll's ...
Register platform support module: C:/Program Files/Unity 2022.3.24f1/Editor/Data/PlaybackEngines/WebGLSupport/UnityEditor.WebGL.Extensions.dll
Register platform support module: C:/Program Files/Unity 2022.3.24f1/Editor/Data/PlaybackEngines/AndroidPlayer/UnityEditor.Android.Extensions.dll
Register platform support module: C:/Program Files/Unity 2022.3.24f1/Editor/Data/PlaybackEngines/WindowsStandaloneSupport/UnityEditor.WindowsStandalone.Extensions.dll
Registered in 0.009543 seconds.
- Loaded All Assemblies, in  0.515 seconds
Native extension for WindowsStandalone target not found
Native extension for Android target not found
Native extension for WebGL target not found
Mono: successfully reloaded assembly
- Finished resetting the current domain, in  0.440 seconds
Domain Reload Profiling: 952ms
	BeginReloadAssembly (132ms)
		ExecutionOrderSort (0ms)
		DisableScriptedObjects (0ms)
		BackupInstance (0ms)
		ReleaseScriptingObjects (0ms)
		CreateAndSetChildDomain (1ms)
	RebuildCommonClasses (37ms)
	RebuildNativeTypeToScriptingClass (16ms)
	initialDomainReloadingComplete (82ms)
	LoadAllAssembliesAndSetupDomain (245ms)
		LoadAssemblies (134ms)
		RebuildTransferFunctionScriptingTraits (0ms)
		AnalyzeDomain (238ms)
			TypeCache.Refresh (237ms)
				TypeCache.ScanAssembly (211ms)
			ScanForSourceGeneratedMonoScriptInfo (0ms)
			ResolveRequiredComponents (0ms)
	FinalizeReload (441ms)
		ReleaseScriptCaches (0ms)
		RebuildScriptCaches (0ms)
		SetupLoadedEditorAssemblies (371ms)
			LogAssemblyErrors (0ms)
			InitializePlatformSupportModulesInManaged (123ms)
			SetLoadedEditorAssemblies (7ms)
			RefreshPlugins (0ms)
			BeforeProcessingInitializeOnLoad (2ms)
			ProcessInitializeOnLoadAttributes (174ms)
			ProcessInitializeOnLoadMethodAttributes (65ms)
			AfterProcessingInitializeOnLoad (0ms)
			EditorAssembliesLoaded (0ms)
		ExecutionOrderSort2 (0ms)
		AwakeInstancesAfterBackupRestoration (0ms)
========================================================================
Worker process is ready to serve import requests
Begin MonoManager ReloadAssembly
- Loaded All Assemblies, in  1.351 seconds
Refreshing native plugins compatible for Editor in 18.74 ms, found 12 plugins.
Native extension for WindowsStandalone target not found
Native extension for Android target not found
Native extension for WebGL target not found
Package Manager log level set to [2]
[Package Manager] Server::EnsureServerProcessIsRunning -- launch failed, reason: Unity was launched with the -noUpm command-line argument
[Package Manager] UpmClient::Send -- Unable to send message (not connected to UPM process).
[Package Manager] Cannot connect to Unity Package Manager local server
System.Reflection.TargetInvocationException: Exception has been thrown by the target of an invocation. ---> System.NullReferenceException: Object reference not set to an instance of an object
  at Unity.XR.Oculus.OculusLoader.AssetPathToAbsolutePath (System.String assetPath) [0x0003d] in .\Library\PackageCache\com.unity.xr.oculus@4.2.0\Runtime\OculusLoader.cs:298 
  at Unity.XR.Oculus.OculusLoader.EditorLoadOVRPlugin () [0x0008c] in .\Library\PackageCache\com.unity.xr.oculus@4.2.0\Runtime\OculusLoader.cs:283 
  at (wrapper managed-to-native) System.Reflection.RuntimeMethodInfo.InternalInvoke(System.Reflection.RuntimeMethodInfo,object,object[],System.Exception&)
  at System.Reflection.RuntimeMethodInfo.Invoke (System.Object obj, System.Reflection.BindingFlags invokeAttr, System.Reflection.Binder binder, System.Object[] parameters, System.Globalization.CultureInfo culture) [0x0006a] in <b11ba2a8fbf24f219f7cc98532a11304>:0 
   --- End of inner exception stack trace ---
  at System.Reflection.RuntimeMethodInfo.Invoke (System.Object obj, System.Reflection.BindingFlags invokeAttr, System.Reflection.Binder binder, System.Object[] parameters, System.Globalization.CultureInfo culture) [0x00083] in <b11ba2a8fbf24f219f7cc98532a11304>:0 
  at System.Reflection.MethodBase.Invoke (System.Object obj, System.Object[] parameters) [0x00000] in <b11ba2a8fbf24f219f7cc98532a11304>:0 
  at UnityEditor.EditorAssemblies.ProcessInitializeOnLoadMethodAttributes () [0x000a5] in <fa3f61a6dce8479c85ca5d90a86ee19e>:0 
UnityEngine.StackTraceUtility:ExtractStackTrace ()
UnityEngine.DebugLogHandler:LogFormat (UnityEngine.LogType,UnityEngine.Object,string,object[])
UnityEngine.Logger:Log (UnityEngine.LogType,object)
UnityEngine.Debug:LogError (object)
UnityEditor.EditorAssemblies:ProcessInitializeOnLoadMethodAttributes ()

Mono: successfully reloaded assembly
[Package Manager] Server::EnsureServerProcessIsRunning -- launch failed, reason: Unity was launched with the -noUpm command-line argument
[Package Manager] UpmClient::Send -- Unable to send message (not connected to UPM process).
[Package Manager] Cannot connect to Unity Package Manager local server
[Package Manager] Server::EnsureServerProcessIsRunning -- launch failed, reason: Unity was launched with the -noUpm command-line argument
[Package Manager] UpmClient::Send -- Unable to send message (not connected to UPM process).
[Package Manager] Cannot connect to Unity Package Manager local server
- Finished resetting the current domain, in  1.057 seconds
Domain Reload Profiling: 2402ms
	BeginReloadAssembly (177ms)
		ExecutionOrderSort (0ms)
		DisableScriptedObjects (6ms)
		BackupInstance (0ms)
		ReleaseScriptingObjects (0ms)
		CreateAndSetChildDomain (34ms)
	RebuildCommonClasses (43ms)
	RebuildNativeTypeToScriptingClass (13ms)
	initialDomainReloadingComplete (50ms)
	LoadAllAssembliesAndSetupDomain (1062ms)
		LoadAssemblies (635ms)
		RebuildTransferFunctionScriptingTraits (0ms)
		AnalyzeDomain (526ms)
			TypeCache.Refresh (444ms)
				TypeCache.ScanAssembly (406ms)
			ScanForSourceGeneratedMonoScriptInfo (61ms)
			ResolveRequiredComponents (18ms)
	FinalizeReload (1057ms)
		ReleaseScriptCaches (0ms)
		RebuildScriptCaches (0ms)
		SetupLoadedEditorAssemblies (812ms)
			LogAssemblyErrors (0ms)
			InitializePlatformSupportModulesInManaged (27ms)
			SetLoadedEditorAssemblies (6ms)
			RefreshPlugins (0ms)
			BeforeProcessingInitializeOnLoad (101ms)
			ProcessInitializeOnLoadAttributes (502ms)
			ProcessInitializeOnLoadMethodAttributes (170ms)
			AfterProcessingInitializeOnLoad (6ms)
			EditorAssembliesLoaded (0ms)
		ExecutionOrderSort2 (0ms)
		AwakeInstancesAfterBackupRestoration (6ms)
Launched and connected shader compiler UnityShaderCompiler.exe after 0.08 seconds
Refreshing native plugins compatible for Editor in 24.24 ms, found 12 plugins.
Preloading 1 native plugins for Editor in 0.10 ms.
Unloading 6586 Unused Serialized files (Serialized files now loaded: 0)
Unloading 152 unused Assets / (2.1 MB). Loaded Objects now: 7035.
Memory consumption went from 250.5 MB to 248.5 MB.
Total: 7.867100 ms (FindLiveObjects: 0.757100 ms CreateObjectMapping: 0.871500 ms MarkObjects: 4.828300 ms  DeleteObjects: 1.409200 ms)

AssetImportParameters requested are different than current active one (requested -> active):
  custom:container-demuxer-ogg: 62fdf1f143b41e24485cea50d1cbac27 -> 
  custom:framework-win-MediaFoundation: 216162199b28c13a410421893ffa2e32 -> 
  custom:container-muxer-webm: aa71ff27fc2769a1b78a27578f13a17b -> 
  custom:video-decoder-webm-vp8: 9c59270c3fd7afecdb556c50c9e8de78 -> 
  custom:SearchIndexIgnoredProperties: e643bd26f0fe6173181afceb89e7c659 -> 
  custom:AudioImporter_EditorPlatform: d09bf68614088b80899f8185d706f6e7 -> 
  custom:audio-decoder-ogg-vorbis: bf7c407c2cedff20999df2af8eb42d56 -> 
  custom:audio-encoder-webm-vorbis: bf7c407c2cedff20999df2af8eb42d56 -> 
  custom:video-codec-MediaFoundation-h265: 746d11721c4dcdbdad8f713fa42b33f4 -> 
  custom:video-decoder-ogg-theora: a1e56fd34408186e4bbccfd4996cb3dc -> 
  custom:CustomObjectIndexerAttribute: 72b91833f83ae208fae7752999fa3104 -> 
  custom:container-demuxer-webm: 4f35f7cbe854078d1ac9338744f61a02 -> 
  custom:video-encoder-webm-vp8: eb34c28f22e8b96e1ab97ce403110664 -> 
========================================================================
Received Import Request.
  Time since last request: 1152378.387588 seconds.
  path: Assets/Material/Materials/Grapper.mat
  artifactKey: Guid(d73e20e3ca305404ca00798e89d1e1af) Importer(815301076,1909f56bfc062723c751e8b465ee728b)
Start importing Assets/Material/Materials/Grapper.mat using Guid(d73e20e3ca305404ca00798e89d1e1af) Importer(815301076,1909f56bfc062723c751e8b465ee728b)  -> (artifact id: '60904bd86ff79f4373a0379da71b9c6d') in 0.394088 seconds
Number of updated asset objects reloaded before import = 0
Number of asset objects unloaded after import = 3
========================================================================
Received Import Request.
  Time since last request: 0.000034 seconds.
  path: Assets/Material/Materials/Wallssss_Wall1_BaseMap.mat
  artifactKey: Guid(5adc1adb1ee1bdf4db2db79e49f92205) Importer(815301076,1909f56bfc062723c751e8b465ee728b)
Start importing Assets/Material/Materials/Wallssss_Wall1_BaseMap.mat using Guid(5adc1adb1ee1bdf4db2db79e49f92205) Importer(815301076,1909f56bfc062723c751e8b465ee728b)  -> (artifact id: 'f3641ae0b0f018a8bfd9d6e64a3495f6') in 0.024365 seconds
Number of updated asset objects reloaded before import = 0
Number of asset objects unloaded after import = 3
========================================================================
Received Import Request.
  Time since last request: 38.002961 seconds.
  path: Assets/SpaceSkies Free/Skybox_3/Purple_2K_Resolution.mat
  artifactKey: Guid(246d4b1ad4a63004d8fcf3949494e5b3) Importer(815301076,1909f56bfc062723c751e8b465ee728b)
Start importing Assets/SpaceSkies Free/Skybox_3/Purple_2K_Resolution.mat using Guid(246d4b1ad4a63004d8fcf3949494e5b3) Importer(815301076,1909f56bfc062723c751e8b465ee728b)  -> (artifact id: '9652181b6181f89d87144e984b3e9155') in 0.119915 seconds
Number of updated asset objects reloaded before import = 0
Number of asset objects unloaded after import = 8
========================================================================
Received Import Request.
  Time since last request: 2.935770 seconds.
  path: Assets/SpaceSkies Free/Skybox_1/Textures/1K_Resolution/Back_1K_TEX.png
  artifactKey: Guid(52d452284176b2741bc26215319bbb28) Importer(815301076,1909f56bfc062723c751e8b465ee728b)
Start importing Assets/SpaceSkies Free/Skybox_1/Textures/1K_Resolution/Back_1K_TEX.png using Guid(52d452284176b2741bc26215319bbb28) Importer(815301076,1909f56bfc062723c751e8b465ee728b)  -> (artifact id: 'a3887da39e02bddf3e71739962f0069f') in 0.045224 seconds
Number of updated asset objects reloaded before import = 0
Number of asset objects unloaded after import = 2
========================================================================
Received Import Request.
  Time since last request: 0.000038 seconds.
  path: Assets/SpaceSkies Free/Skybox_1/Textures/1K_Resolution/Up_1K_TEX.png
  artifactKey: Guid(68fd53fc5d2a60d4faebe6a65d52793f) Importer(815301076,1909f56bfc062723c751e8b465ee728b)
Start importing Assets/SpaceSkies Free/Skybox_1/Textures/1K_Resolution/Up_1K_TEX.png using Guid(68fd53fc5d2a60d4faebe6a65d52793f) Importer(815301076,1909f56bfc062723c751e8b465ee728b)  -> (artifact id: 'a5382ae8a8b63f5b9cbc7f86c830e762') in 0.025948 seconds
Number of updated asset objects reloaded before import = 0
Number of asset objects unloaded after import = 2
========================================================================
Received Import Request.
  Time since last request: 0.000051 seconds.
  path: Assets/SpaceSkies Free/Skybox_1/Textures/1K_Resolution/Left_1K_TEX.png
  artifactKey: Guid(25c03fdd40dca27499a5ecdf702bb73c) Importer(815301076,1909f56bfc062723c751e8b465ee728b)
Start importing Assets/SpaceSkies Free/Skybox_1/Textures/1K_Resolution/Left_1K_TEX.png using Guid(25c03fdd40dca27499a5ecdf702bb73c) Importer(815301076,1909f56bfc062723c751e8b465ee728b)  -> (artifact id: '948988e1ea4df0ab70be92b4beb10f9e') in 0.035502 seconds
Number of updated asset objects reloaded before import = 0
Number of asset objects unloaded after import = 2
========================================================================
Received Import Request.
  Time since last request: 5.695622 seconds.
  path: Assets/SpaceSkies Free/Skybox_1/Textures/4K_Resolution/Back_4K_TEX.png
  artifactKey: Guid(ea75323f20e3eaa4ea6cd5ae9763e5bd) Importer(815301076,1909f56bfc062723c751e8b465ee728b)
Start importing Assets/SpaceSkies Free/Skybox_1/Textures/4K_Resolution/Back_4K_TEX.png using Guid(ea75323f20e3eaa4ea6cd5ae9763e5bd) Importer(815301076,1909f56bfc062723c751e8b465ee728b)  -> (artifact id: '56f63acf6b9d956e85d49441e14d1a65') in 0.034811 seconds
Number of updated asset objects reloaded before import = 0
Number of asset objects unloaded after import = 2
========================================================================
Received Import Request.
  Time since last request: 0.000034 seconds.
  path: Assets/SpaceSkies Free/Skybox_1/Textures/4K_Resolution/Up_4K_TEX.png
  artifactKey: Guid(e3910dca1fac1894e95d811bb9e0e995) Importer(815301076,1909f56bfc062723c751e8b465ee728b)
Start importing Assets/SpaceSkies Free/Skybox_1/Textures/4K_Resolution/Up_4K_TEX.png using Guid(e3910dca1fac1894e95d811bb9e0e995) Importer(815301076,1909f56bfc062723c751e8b465ee728b)  -> (artifact id: 'f9c85b9aad3ec501560f76a0155cac3e') in 0.022490 seconds
Number of updated asset objects reloaded before import = 0
Number of asset objects unloaded after import = 2
========================================================================
Received Import Request.
  Time since last request: 0.000044 seconds.
  path: Assets/SpaceSkies Free/Skybox_1/Textures/4K_Resolution/Right_4K_TEX.png
  artifactKey: Guid(985fa1ea9fecfaf469918bae7e557416) Importer(815301076,1909f56bfc062723c751e8b465ee728b)
Start importing Assets/SpaceSkies Free/Skybox_1/Textures/4K_Resolution/Right_4K_TEX.png using Guid(985fa1ea9fecfaf469918bae7e557416) Importer(815301076,1909f56bfc062723c751e8b465ee728b)  -> (artifact id: '86a5b2684268583e808e20d9db2b2df1') in 0.024279 seconds
Number of updated asset objects reloaded before import = 0
Number of asset objects unloaded after import = 2
========================================================================
Received Import Request.
  Time since last request: 699.295165 seconds.
  path: Assets/Prefabs/Transition Manager.prefab
  artifactKey: Guid(b09d33c8b7830a34d89d176d138cba96) Importer(815301076,1909f56bfc062723c751e8b465ee728b)
Start importing Assets/Prefabs/Transition Manager.prefab using Guid(b09d33c8b7830a34d89d176d138cba96) Importer(815301076,1909f56bfc062723c751e8b465ee728b)  -> (artifact id: '3d476781cfd031959c63e25e19d72c13') in 0.026112 seconds
Number of updated asset objects reloaded before import = 0
Number of asset objects unloaded after import = 5
========================================================================
Received Import Request.
  Time since last request: 13.165774 seconds.
  path: Assets/Parts/BEAM.fbx
  artifactKey: Guid(23e9b07d6e8d688499770f457dae4743) Importer(815301076,1909f56bfc062723c751e8b465ee728b)
Start importing Assets/Parts/BEAM.fbx using Guid(23e9b07d6e8d688499770f457dae4743) Importer(815301076,1909f56bfc062723c751e8b465ee728b)  -> (artifact id: '8c89ce65266d1974cdc8bc692d58d99c') in 0.153746 seconds
Number of updated asset objects reloaded before import = 0
Number of asset objects unloaded after import = 15
========================================================================
Received Import Request.
  Time since last request: 0.000032 seconds.
  path: Assets/Parts/Columbus.fbx
  artifactKey: Guid(4b4a93a6a68b4864fb5220b49b277af1) Importer(815301076,1909f56bfc062723c751e8b465ee728b)
Start importing Assets/Parts/Columbus.fbx using Guid(4b4a93a6a68b4864fb5220b49b277af1) Importer(815301076,1909f56bfc062723c751e8b465ee728b)  -> (artifact id: 'eeab66a6bbf58dafde8e4efa386090d4') in 0.473758 seconds
Number of updated asset objects reloaded before import = 0
Number of asset objects unloaded after import = 225
========================================================================
Received Import Request.
  Time since last request: 0.000049 seconds.
  path: Assets/Parts/Node2.fbx
  artifactKey: Guid(fc008909fdbd4f34984ecb65c3375f0b) Importer(815301076,1909f56bfc062723c751e8b465ee728b)
Start importing Assets/Parts/Node2.fbx using Guid(fc008909fdbd4f34984ecb65c3375f0b) Importer(815301076,1909f56bfc062723c751e8b465ee728b)  -> (artifact id: 'af0cd9650b261ab278673f0902f710eb') in 0.282446 seconds
Number of updated asset objects reloaded before import = 0
Number of asset objects unloaded after import = 178
========================================================================
Received Import Request.
  Time since last request: 0.000031 seconds.
  path: Assets/Parts/Node1.fbx
  artifactKey: Guid(614c02f26d3483d4e933a5126c9f8fcd) Importer(815301076,1909f56bfc062723c751e8b465ee728b)
Start importing Assets/Parts/Node1.fbx using Guid(614c02f26d3483d4e933a5126c9f8fcd) Importer(815301076,1909f56bfc062723c751e8b465ee728b)  -> (artifact id: '8122fa364237af1220828f88af51d386') in 0.162235 seconds
Number of updated asset objects reloaded before import = 0
Number of asset objects unloaded after import = 98
========================================================================
Received Import Request.
  Time since last request: 0.000041 seconds.
  path: Assets/Parts/JPM.fbx
  artifactKey: Guid(866ddabd47d47a54fbd718ea84549be3) Importer(815301076,1909f56bfc062723c751e8b465ee728b)
Start importing Assets/Parts/JPM.fbx using Guid(866ddabd47d47a54fbd718ea84549be3) Importer(815301076,1909f56bfc062723c751e8b465ee728b)  -> (artifact id: '883749b1deab59cd5c65892a20d2ad1f') in 0.423117 seconds
Number of updated asset objects reloaded before import = 0
Number of asset objects unloaded after import = 241
Editor requested this worker to shutdown with reason: Scaling down because of idle timeout
TcpMessagingSession - receive error: operation aborted. errorcode: 995, details: The I/O operation has been aborted because of either a thread exit or an application request.
AssetImportWorker is now disconnected from the server
Process exiting
Exiting without the bug reporter. Application will terminate with return code 0